node.exe :  ⚠ Warning: Next.js inferred your workspace root, but it may not be correct.
At line:1 char:1
+ & "C:\Program Files\nodejs/node.exe" "C:\Users\Dell\AppData\Roaming\n ...
+ ~~~~~~~~~~~~~~~~~~~~~~~~~~~~~~~~~~~~~~~~~~~~~~~~~~~~~~~~~~~~~~~~~~~~~
    + CategoryInfo          : NotSpecified: ( ⚠ Warning: Nex...not be correct.:String) [], RemoteException
    + FullyQualifiedErrorId : NativeCommandError
 
 We detected multiple lockfiles and selected the directory of D:\Git Hub files\package-lock.json as the root directory.
 To silence this warning, set `outputFileTracingRoot` in your Next.js config, or consider removing one of the 
lockfiles if it's not needed.
   See https://nextjs.org/docs/app/api-reference/config/next-config-js/output#caveats for more information.
 Detected additional lockfiles: 
   * D:\Git Hub files\techcaddHoshiarpur\techcadd-hero\package-lock.json

   ▲ Next.js 15.5.23

   Creating an optimized production build ...
 ✓ Compiled successfully in 18.8s
   Linting and checking validity of types ...

./src/components/forms/CourseEnquiryForm.tsx
10:3  Warning: 'FiCheck' is defined but never used.  @typescript-eslint/no-unused-vars

./src/components/sections/CommandCenter.tsx
37:7  Warning: 'MOTES' is assigned a value but never used.  @typescript-eslint/no-unused-vars

info  - Need to disable some ESLint rules? Learn more here: https://nextjs.org/docs/app/api-reference/config/eslint#disabling-rules
   Collecting page data ...
[cms] request failed: [TypeError: fetch failed] {
  [cause]: [AggregateError: ] { code: 'ECONNREFUSED' }
}
[cms] request failed: [TypeError: fetch failed] {
  [cause]: [AggregateError: ] { code: 'ECONNREFUSED' }
}
